
There are no discarded input sections

Memory Configuration

Name             Origin             Length             Attributes
*default*        0x0000000000000000 0xffffffffffffffff

Linker script and memory map

                0x0000000001000000                . = 0x1000000

.text           0x0000000001000000      0x87c
 *(.text.start)
 .text.start    0x0000000001000000       0x18 user_s.o
                0x0000000001000000                start
                0x0000000001000012                syscall
 *(.text .text.*)
 .text          0x0000000001000018      0x160 shell.o
                0x0000000001000018                main
 .text          0x0000000001000178       0x80 user.o
                0x0000000001000178                printc
                0x00000000010001a2                getc
                0x00000000010001c2                yield
                0x00000000010001e0                exit
 .text          0x00000000010001f8        0x0 user_s.o
 .text          0x00000000010001f8      0x684 common.o
                0x00000000010001f8                memset
                0x0000000001000248                memcpy
                0x00000000010002aa                strcpy
                0x0000000001000304                strcpy_s
                0x00000000010003b4                strcmp
                0x000000000100042c                itoa
                0x00000000010005e8                htoa
                0x000000000100068e                printf

.rodata         0x0000000001000880       0xa1
 *(.rodata .rodata.*)
 .rodata        0x0000000001000880       0x8f shell.o
 *fill*         0x000000000100090f        0x1 
 .rodata        0x0000000001000910       0x11 common.o

.rela.dyn       0x0000000001000928        0x0
 .rela.text.start
                0x0000000001000928        0x0 shell.o

.data           0x0000000001000928        0x0
 *(.data .data.*)
 .data          0x0000000001000928        0x0 shell.o
 .data          0x0000000001000928        0x0 user.o
 .data          0x0000000001000928        0x0 user_s.o
 .data          0x0000000001000928        0x0 common.o

.bss            0x0000000001000928    0x10038
 *(.bss .bss.* .sbss .sbss.*)
 .bss           0x0000000001000928        0x0 shell.o
 .bss           0x0000000001000928        0x0 user.o
 .bss           0x0000000001000928        0x0 user_s.o
 .bss           0x0000000001000928       0x29 common.o
                0x0000000001000960                . = ALIGN (0x10)
 *fill*         0x0000000001000951        0xf 
                0x0000000001010960                . = (. + 0x10000)
 *fill*         0x0000000001000960    0x10000 
                0x0000000001010960                __U_stack_top = .
                0x0000000000000001                ASSERT ((. < 0x1800000), too large executable)
LOAD shell.o
LOAD user.o
LOAD user_s.o
LOAD common.o
OUTPUT(shell.elf elf64-littleriscv)

.debug_info     0x0000000000000000      0x734
 .debug_info    0x0000000000000000      0x140 shell.o
 .debug_info    0x0000000000000140       0xfa user.o
 .debug_info    0x000000000000023a       0x28 user_s.o
 .debug_info    0x0000000000000262      0x4d2 common.o

.debug_abbrev   0x0000000000000000      0x32c
 .debug_abbrev  0x0000000000000000      0x109 shell.o
 .debug_abbrev  0x0000000000000109       0xae user.o
 .debug_abbrev  0x00000000000001b7       0x14 user_s.o
 .debug_abbrev  0x00000000000001cb      0x161 common.o

.debug_aranges  0x0000000000000000       0xc0
 .debug_aranges
                0x0000000000000000       0x30 shell.o
 .debug_aranges
                0x0000000000000030       0x30 user.o
 .debug_aranges
                0x0000000000000060       0x30 user_s.o
 .debug_aranges
                0x0000000000000090       0x30 common.o

.debug_rnglists
                0x0000000000000000       0x51
 .debug_rnglists
                0x0000000000000000       0x2f shell.o
 .debug_rnglists
                0x000000000000002f       0x22 common.o

.debug_line     0x0000000000000000      0x8d8
 .debug_line    0x0000000000000000      0x19e shell.o
 .debug_line    0x000000000000019e       0xa5 user.o
 .debug_line    0x0000000000000243       0x66 user_s.o
 .debug_line    0x00000000000002a9      0x62f common.o

.debug_str      0x0000000000000000      0x1e2
 .debug_str     0x0000000000000000      0x1e2 shell.o
                                        0x13e (size before relaxing)
 .debug_str     0x00000000000001e2        0x0 user.o
                                        0x112 (size before relaxing)
 .debug_str     0x00000000000001e2        0x0 user_s.o
                                         0x34 (size before relaxing)
 .debug_str     0x00000000000001e2        0x0 common.o
                                        0x1a6 (size before relaxing)

.debug_line_str
                0x0000000000000000       0x4e
 .debug_line_str
                0x0000000000000000       0x4e shell.o
                                         0x62 (size before relaxing)
 .debug_line_str
                0x000000000000004e        0x0 user.o
                                         0x56 (size before relaxing)
 .debug_line_str
                0x000000000000004e        0x0 user_s.o
                                         0x26 (size before relaxing)
 .debug_line_str
                0x000000000000004e        0x0 common.o
                                         0x5e (size before relaxing)

.comment        0x0000000000000000       0x26
 .comment       0x0000000000000000       0x26 shell.o
                                         0x27 (size before relaxing)
 .comment       0x0000000000000026        0x0 user.o
                                         0x27 (size before relaxing)
 .comment       0x0000000000000026        0x0 common.o
                                         0x27 (size before relaxing)

.note.GNU-stack
                0x0000000000000000        0x0
 .note.GNU-stack
                0x0000000000000000        0x0 shell.o
 .note.GNU-stack
                0x0000000000000000        0x0 user.o
 .note.GNU-stack
                0x0000000000000000        0x0 common.o

.riscv.attributes
                0x0000000000000000       0x74
 .riscv.attributes
                0x0000000000000000       0x74 shell.o
 .riscv.attributes
                0x0000000000000074       0x74 user.o
 .riscv.attributes
                0x00000000000000e8       0x72 user_s.o
 .riscv.attributes
                0x000000000000015a       0x74 common.o

.debug_frame    0x0000000000000000      0x298
 .debug_frame   0x0000000000000000       0x38 shell.o
 .debug_frame   0x0000000000000038       0xc8 user.o
 .debug_frame   0x0000000000000100      0x198 common.o
